// Jest Snapshot v1, https://goo.gl/fbAQLP

exports[`HomePage should match a snapshot 1`] = `<Apollo(HomePageProvider) />`;
